[    0.000000] Initializing cgroup subsys cpuset
[    0.000000] Initializing cgroup subsys cpu
[    0.000000] Initializing cgroup subsys cpuacct
[    0.000000] Linux version 4.4.0-116-generic (buildd@lgw01-amd64-023) (gcc version 5.4.0 20160609 (Ubuntu 5.4.0-6ubuntu1~16.04.9) ) #140-Ubuntu SMP Mon Feb 12 21:22:43 UTC 2018 (Ubuntu 4.4.0-116.140-generic 4.4.98)
[    0.000000] KERNEL supported cpus:
[    0.000000]   Intel GenuineIntel
[    0.000000]   AMD AuthenticAMD
[    0.000000]   NSC Geode by NSC
[    0.000000]   Cyrix CyrixInstead
[    0.000000]   Centaur CentaurHauls
[    0.000000]   Transmeta GenuineTMx86
[    0.000000]   Transmeta TransmetaCPU
[    0.000000]   UMC UMC UMC UMC
[    0.000000] x86/fpu: Legacy x87 FPU detected.
[    0.000000] x86/fpu: Using 'lazy' FPU context switches.
[    0.000000] e820: BIOS-provided physical RAM map:
[    0.000000] BIOS-e820: [mem 0x0000000000000000-0x000000000009fbff] usable
[    0.000000] BIOS-e820: [mem 0x000000000009fc00-0x000000000009ffff] reserved
[    0.000000] BIOS-e820: [mem 0x00000000000f0000-0x00000000000fffff] reserved
[    0.000000] BIOS-e820: [mem 0x0000000000100000-0x000000003ffeffff] usable
[    0.000000] BIOS-e820: [mem 0x000000003fff0000-0x000000003fffffff] ACPI data
[    0.000000] BIOS-e820: [mem 0x00000000fffc0000-0x00000000ffffffff] reserved
[    0.000000] NX (Execute Disable) protection: active
[    0.000000] SMBIOS 2.5 present.
[    0.000000] Hypervisor detected: KVM
[    0.000000] e820: last_pfn = 0x3fff0 max_arch_pfn = 0x1000000
[    0.000000] MTRR: Disabled
[    0.000000] x86/PAT: MTRRs disabled, skipping PAT initialization too.
[    0.000000] CPU MTRRs all blank - virtualized system.
[    0.000000] x86/PAT: Configuration [0-7]: WB  WT  UC- UC  WB  WT  UC- UC  
[    0.000000] found SMP MP-table at [mem 0x0009fff0-0x0009ffff] mapped at [c009fff0]
[    0.000000] Scanning 1 areas for low memory corruption
[    0.000000] RAMDISK: [mem 0x36344000-0x37199fff]
[    0.000000] ACPI: Early table checksum verification disabled
[    0.000000] ACPI: RSDP 0x00000000000E0000 000024 (v02 VBOX  )
[    0.000000] ACPI: XSDT 0x000000003FFF0030 00003C (v01 VBOX   VBOXXSDT 00000001 ASL  00000061)
[    0.000000] ACPI: FACP 0x000000003FFF00F0 0000F4 (v04 VBOX   VBOXFACP 00000001 ASL  00000061)
[    0.000000] ACPI: DSDT 0x000000003FFF0470 001CEB (v01 VBOX   VBOXBIOS 00000002 INTL 20100528)
[    0.000000] ACPI: FACS 0x000000003FFF0200 000040
[    0.000000] ACPI: FACS 0x000000003FFF0200 000040
[    0.000000] ACPI: APIC 0x000000003FFF0240 000054 (v02 VBOX   VBOXAPIC 00000001 ASL  00000061)
[    0.000000] ACPI: SSDT 0x000000003FFF02A0 0001CC (v01 VBOX   VBOXCPUT 00000002 INTL 20100528)
[    0.000000] 131MB HIGHMEM available.
[    0.000000] 891MB LOWMEM available.
[    0.000000]   mapped low ram: 0 - 37bfe000
[    0.000000]   low ram: 0 - 37bfe000
[    0.000000] kvm-clock: Using msrs 4b564d01 and 4b564d00
[    0.000000] kvm-clock: cpu 0, msr 0:37bfd001, primary cpu clock
[    0.000000] kvm-clock: using sched offset of 5322456773 cycles
[    0.000000] clocksource: kvm-clock: mask: 0xffffffffffffffff max_cycles: 0x1cd42e4dffb, max_idle_ns: 881590591483 ns
[    0.000000] Zone ranges:
[    0.000000]   DMA      [mem 0x0000000000001000-0x0000000000ffffff]
[    0.000000]   Normal   [mem 0x0000000001000000-0x0000000037bfdfff]
[    0.000000]   HighMem  [mem 0x0000000037bfe000-0x000000003ffeffff]
[    0.000000] Movable zone start for each node
[    0.000000] Early memory node ranges
[    0.000000]   node   0: [mem 0x0000000000001000-0x000000000009efff]
[    0.000000]   node   0: [mem 0x0000000000100000-0x000000003ffeffff]
[    0.000000] Initmem setup node 0 [mem 0x0000000000001000-0x000000003ffeffff]
[    0.000000] Using APIC driver default
[    0.000000] ACPI: PM-Timer IO Port: 0x4008
[    0.000000] IOAPIC[0]: apic_id 1, version 17, address 0xfec00000, GSI 0-23
[    0.000000] ACPI: INT_SRC_OVR (bus 0 bus_irq 0 global_irq 2 dfl dfl)
[    0.000000] ACPI: INT_SRC_OVR (bus 0 bus_irq 9 global_irq 9 high level)
[    0.000000] Using ACPI (MADT) for SM configuration information
[    0.000000] smpboot: Allowing 1 CPUs, 0 hotplug CPUs
[    0.000000] PM: Registered nosave memory: [mem 0x00000000-0x00000fff]
[    0.000000] PM: Registered nosave memory: [mem 0x0009f000-0x0009ffff]
[    0.000000] PM: Registered nosave memory: [mem 0x000a0000-0x000effff]
[    0.000000] PM: Registered nosave memory: [mem 0x000f0000-0x000fffff]
[    0.000000] e820: [mem 0x40000000-0xfffbffff] available for PCI devices
[    0.000000] Booting paravirtualized kernel on KVM
[    0.000000] clocksource: refined-jiffies: mask: 0xffffffff max_cycles: 0xffffffff, max_idle_ns: 7645519600211568 ns
[    0.000000] setup_percpu: NR_CPUS:8 nr_cpumask_bits:8 nr_cpu_ids:1 nr_node_ids:1
[    0.000000] PERCPU: Embedded 19 pages/cpu @f71c3000 s47436 r0 d30388 u77824
[    0.000000] PV qspinlock hash table entries: 512 (order: 0, 4096 bytes)
[    0.000000] Built 1 zonelists in Zone order, mobility grouping on.  Total pages: 259800
[    0.000000] Kernel command line: BOOT_IMAGE=/boot/vmlinuz-4.4.0-116-generic root=UUID=ce13037b-8c46-45e6-b59a-8990ae7ebc63 ro console=tty1 console=ttyS0
[    0.000000] PID hash table entries: 4096 (order: 2, 16384 bytes)
[    0.000000] Dentry cache hash table entries: 131072 (order: 7, 524288 bytes)
[    0.000000] Inode-cache hash table entries: 65536 (order: 6, 262144 bytes)
[    0.000000] Initializing CPU#0
[    0.000000] Initializing HighMem for node 0 (00037bfe:0003fff0)
[    0.000000] Initializing Movable for node 0 (00000000:00000000)
[    0.000000] Memory: 1008256K/1048120K available (8007K kernel code, 781K rwdata, 3172K rodata, 948K init, 800K bss, 39864K reserved, 0K cma-reserved, 135112K highmem)
[    0.000000] virtual kernel memory layout:
[    0.000000]     fixmap  : 0xfff15000 - 0xfffff000   ( 936 kB)
[    0.000000]     pkmap   : 0xffc00000 - 0xffe00000   (2048 kB)
[    0.000000]     vmalloc : 0xf83fe000 - 0xffbfe000   ( 120 MB)
[    0.000000]     lowmem  : 0xc0000000 - 0xf7bfe000   ( 891 MB)
[    0.000000]       .init : 0xc1bb2000 - 0xc1c9f000   ( 948 kB)
[    0.000000]       .data : 0xc17d2134 - 0xc1bb0780   (3961 kB)
[    0.000000]       .text : 0xc1000000 - 0xc17d2134   (8008 kB)
[    0.000000] Checking if this processor honours the WP bit even in supervisor mode...Ok.
[    0.000000] SLUB: HWalign=64, Order=0-3, MinObjects=0, CPUs=1, Nodes=1
[    0.000000] Hierarchical RCU implementation.
[    0.000000] 	Build-time adjustment of leaf fanout to 32.
[    0.000000] 	RCU restricting CPUs from NR_CPUS=8 to nr_cpu_ids=1.
[    0.000000] RCU: Adjusting geometry for rcu_fanout_leaf=32, nr_cpu_ids=1
[    0.000000] NR_IRQS:2304 nr_irqs:256 16
[    0.000000] Console: colour VGA+ 80x25
[    0.000000] console [tty1] enabled
[    0.000000] console [ttyS0] enabled
[    0.000000] allocated 1048576 bytes of page_ext
[    0.000000] tsc: Detected 2496.122 MHz processor
[    3.057346] Calibrating delay loop (skipped) preset value.. 4992.24 BogoMIPS (lpj=9984488)
[    3.063216] pid_max: default: 32768 minimum: 301
[    3.066472] ACPI: Core revision 20150930
[    3.071129] ACPI: 2 ACPI AML tables successfully acquired and loaded
[    3.076072] Security Framework initialized
[    3.079087] Yama: becoming mindful.
[    3.081801] AppArmor: AppArmor initialized
[    3.084896] Mount-cache hash table entries: 2048 (order: 1, 8192 bytes)
[    3.092245] Mountpoint-cache hash table entries: 2048 (order: 1, 8192 bytes)
[    3.097331] Initializing cgroup subsys io
[    3.100188] Initializing cgroup subsys memory
[    3.103306] Initializing cgroup subsys devices
[    3.106783] Initializing cgroup subsys freezer
[    3.110018] Initializing cgroup subsys net_cls
[    3.116241] Initializing cgroup subsys perf_event
[    3.123343] Initializing cgroup subsys net_prio
[    3.127865] Initializing cgroup subsys hugetlb
[    3.132834] Initializing cgroup subsys pids
[    3.145635] FEATURE SPEC_CTRL Not Present
[    3.152673] mce: CPU supports 0 MCE banks
[    3.155796] process: using mwait in idle threads
[    3.159101] Last level iTLB entries: 4KB 128, 2MB 4, 4MB 4
[    3.168383] Last level dTLB entries: 4KB 256, 2MB 0, 4MB 32, 1GB 0
[    3.181885] Spectre V2 mitigation: Mitigation: Full generic retpoline
[    3.185973] Spectre V2 mitigation: Speculation control IBPB not-supported IBRS not-supported
[    3.826988] Freeing SMP alternatives memory: 28K
[    3.920537] ftrace: allocating 31457 entries in 62 pages
[    4.108139] smpboot: APIC(0) Converting physical 0 to logical package 0
[    4.215379] smpboot: Max logical packages: 1
[    4.239790] Enabling APIC mode:  Flat.  Using 1 I/O APICs
[    4.248117] ..TIMER: vector=0x30 apic1=0 pin1=2 apic2=-1 pin2=-1
[    4.368308] smpboot: CPU0: Intel(R) Core(TM)2 Duo CPU     T9400  @ 2.53GHz (family: 0x6, model: 0x17, stepping: 0xa)
[    4.422643] Performance Events: unsupported p6 CPU model 23 no PMU driver, software events only.
[    4.433786] KVM setup paravirtual spinlock
[    4.455277] x86: Booted up 1 node, 1 CPUs
[    4.469638] smpboot: Total of 1 processors activated (4992.24 BogoMIPS)
[    4.488234] devtmpfs: initialized
[    4.501652] evm: security.selinux
[    4.514450] evm: security.SMACK64
[    4.522848] evm: security.SMACK64EXEC
[    4.530850] evm: security.SMACK64TRANSMUTE
[    4.533764] evm: security.SMACK64MMAP
[    4.537022] evm: security.ima
[    4.539280] evm: security.capability
[    4.542332] clocksource: jiffies: mask: 0xffffffff max_cycles: 0xffffffff, max_idle_ns: 7645041785100000 ns
[    4.548961] futex hash table entries: 256 (order: 2, 16384 bytes)
[    4.553586] pinctrl core: initialized pinctrl subsystem
[    4.591070] RTC time:  2:25:23, date: 03/08/18
[    4.625238] NET: Registered protocol family 16
[    4.628810] EISA bus registered
[    4.631162] cpuidle: using governor ladder
[    4.634050] cpuidle: using governor menu
[    4.637271] PCCT header not found.
[    4.639932] ACPI: bus type PCI registered
[    4.642742] acpiphp: ACPI Hot Plug PCI Controller Driver version: 0.5
[    4.648344] PCI : PCI BIOS area is rw and x. Use pci=nobios if you want it NX.
[    4.653507] PCI: PCI BIOS revision 2.10 entry at 0xfda26, last bus=0
[    4.657914] PCI: Using configuration type 1 for base access
[    4.665747] ACPI: Added _OSI(Module Device)
[    4.668650] ACPI: Added _OSI(Processor Device)
[    4.671859] ACPI: Added _OSI(3.0 _SCP Extensions)
[    4.675078] ACPI: Added _OSI(Processor Aggregator Device)
[    4.679666] ACPI: Executed 1 blocks of module-level executable AML code
[    4.687473] ACPI: Interpreter enabled
[    4.690146] ACPI: (supports S0 S5)
[    4.692669] ACPI: Using IOAPIC for interrupt routing
[    4.696524] PCI: Using host bridge windows from ACPI; if necessary, use "pci=nocrs" and report a bug
[    4.706793] ACPI: PCI Root Bridge [PCI0] (domain 0000 [bus 00-ff])
[    4.711640] acpi PNP0A03:00: _OSC: OS supports [ASPM ClockPM Segments MSI]
[    4.716124] acpi PNP0A03:00: _OSC failed (AE_NOT_FOUND); disabling ASPM
[    4.761483] acpi PNP0A03:00: fail to add MMCONFIG information, can't access extended PCI configuration space under this bridge.
[    4.886018] PCI host bridge to bus 0000:00
[    4.974921] pci_bus 0000:00: root bus resource [io  0x0000-0x0cf7 window]
[    5.077890] pci_bus 0000:00: root bus resource [io  0x0d00-0xffff window]
[    5.150514] pci_bus 0000:00: root bus resource [mem 0x000a0000-0x000bffff window]
[    5.244671] pci_bus 0000:00: root bus resource [mem 0x40000000-0xffdfffff window]
[    5.344866] pci_bus 0000:00: root bus resource [bus 00-ff]
[    5.418665] pci 0000:00:01.1: legacy IDE quirk: reg 0x10: [io  0x01f0-0x01f7]
[    5.493037] pci 0000:00:01.1: legacy IDE quirk: reg 0x14: [io  0x03f6]
[    5.576033] pci 0000:00:01.1: legacy IDE quirk: reg 0x18: [io  0x0170-0x0177]
[    5.676937] pci 0000:00:01.1: legacy IDE quirk: reg 0x1c: [io  0x0376]
[    5.809970] ACPI: PCI Interrupt Link [LNKA] (IRQs 5 9 10 11) *0, disabled.
[    5.816114] ACPI: PCI Interrupt Link [LNKB] (IRQs 5 9 10 *11)
[    5.824365] ACPI: PCI Interrupt Link [LNKC] (IRQs 5 9 *10 11)
[    5.829697] ACPI: PCI Interrupt Link [LNKD] (IRQs 5 *9 10 11)
[    5.837537] ACPI: Enabled 2 GPEs in block 00 to 07
[    5.842061] vgaarb: setting as boot device: PCI:0000:00:02.0
[    5.846101] vgaarb: device added: PCI:0000:00:02.0,decodes=io+mem,owns=io+mem,locks=none
[    5.856447] vgaarb: loaded
[    5.858592] vgaarb: bridge control possible 0000:00:02.0
[    5.863099] SCSI subsystem initialized
[    5.866569] ACPI: bus type USB registered
[    5.869557] usbcore: registered new interface driver usbfs
[    5.873337] usbcore: registered new interface driver hub
[    5.877233] usbcore: registered new device driver usb
[    5.881683] PCI: Using ACPI for IRQ routing
[    5.885695] NetLabel: Initializing
[    5.888290] NetLabel:  domain hash size = 128
[    5.891437] NetLabel:  protocols = UNLABELED CIPSOv4
[    5.894934] NetLabel:  unlabeled traffic allowed by default
[    5.899065] amd_nb: Cannot enumerate AMD northbridges
[    5.906743] clocksource: Switched to clocksource kvm-clock
[    5.931902] AppArmor: AppArmor Filesystem Enabled
[    5.935857] pnp: PnP ACPI init
[    5.939775] pnp: PnP ACPI: found 3 devices
[    5.942646] PnPBIOS: Disabled by ACPI PNP
[    5.984560] clocksource: acpi_pm: mask: 0xffffff max_cycles: 0xffffff, max_idle_ns: 2085701024 ns
[    5.990709] NET: Registered protocol family 2
[    5.994532] TCP established hash table entries: 8192 (order: 3, 32768 bytes)
[    5.999435] TCP bind hash table entries: 8192 (order: 4, 65536 bytes)
[    6.003618] TCP: Hash tables configured (established 8192 bind 8192)
[    6.008401] UDP hash table entries: 512 (order: 2, 16384 bytes)
[    6.012320] UDP-Lite hash table entries: 512 (order: 2, 16384 bytes)
[    6.016535] NET: Registered protocol family 1
[    6.019574] pci 0000:00:00.0: Limiting direct PCI/PCI transfers
[    6.025133] pci 0000:00:01.0: Activating ISA DMA hang workarounds
[    6.041033] Unpacking initramfs...
[    6.516395] Freeing initrd memory: 14680K
[    6.560285] platform rtc_cmos: registered platform RTC device (no PNP device found)
[    6.646733] Scanning for low memory corruption every 60 seconds
[    6.707538] audit: initializing netlink subsys (disabled)
[    6.763649] audit: type=2000 audit(1520475933.121:1): initialized
[    6.866170] Initialise system trusted keyring
[    6.917368] HugeTLB registered 2 MB page size, pre-allocated 0 pages
[    7.021766] zbud: loaded
[    7.062914] VFS: Disk quotas dquot_6.6.0
[    7.116923] VFS: Dquot-cache hash table entries: 1024 (order 0, 4096 bytes)
[    7.141442] squashfs: version 4.0 (2009/01/31) Phillip Lougher
[    7.146427] fuse init (API version 7.23)
[    7.150029] Key type big_key registered
[    7.157680] Allocating IMA MOK and blacklist keyrings.
[    7.165460] Key type asymmetric registered
[    7.170329] Asymmetric key parser 'x509' registered
[    7.179196] bounce: pool size: 64 pages
[    7.184695] Block layer SCSI generic (bsg) driver version 0.4 loaded (major 249)
[    7.191865] io scheduler noop registered
[    7.194791] io scheduler deadline registered (default)
[    7.198847] io scheduler cfq registered
[    7.201724] pci_hotplug: PCI Hot Plug PCI Core version: 0.5
[    7.206726] pciehp: PCI Express Hot Plug Controller Driver version: 0.4
[    7.255264] ACPI: AC Adapter [AC] (on-line)
[    7.277755] input: Power Button as /devices/LNXSYSTM:00/LNXPWRBN:00/input/input0
[    7.340763] ACPI: Power Button [PWRF]
[    7.357656] input: Sleep Button as /devices/LNXSYSTM:00/LNXSLPBN:00/input/input1
[    7.385803] ACPI: Sleep Button [SLPF]
[    7.393469] GHES: HEST is not enabled!
[    7.405277] isapnp: Scanning for PnP cards...
[    7.423277] Serial: 8250/16550 driver, 32 ports, IRQ sharing enabled
[    7.526070] 00:02: ttyS0 at I/O 0x3f8 (irq = 4, base_baud = 115200) is a 16550A
[    7.567232] clocksource: tsc: mask: 0xffffffffffffffff max_cycles: 0x23faea87e49, max_idle_ns: 440795244612 ns
[    7.621879] Linux agpgart interface v0.103
[    7.708094] loop: module loaded
[    7.787175] scsi host0: ata_piix
[    7.879660] scsi host1: ata_piix
[    7.971483] ata1: PATA max UDMA/33 cmd 0x1f0 ctl 0x3f6 bmdma 0xd000 irq 14
[    8.064742] ata2: PATA max UDMA/33 cmd 0x170 ctl 0x376 bmdma 0xd008 irq 15
[    8.256450] isapnp: No Plug & Play device found
[    8.277944] libphy: Fixed MDIO Bus: probed
[    8.310157] tun: Universal TUN/TAP device driver, 1.6
[    8.371055] tun: (C) 1999-2004 Max Krasnyansky <maxk@qualcomm.com>
[    8.456954] PPP generic driver version 2.4.2
[    8.487468] ehci_hcd: USB 2.0 'Enhanced' Host Controller (EHCI) Driver
[    8.528555] ehci-pci: EHCI PCI platform driver
[    8.592793] ehci-platform: EHCI generic platform driver
[    8.615916] ohci_hcd: USB 1.1 'Open' Host Controller (OHCI) Driver
[    8.620291] ohci-pci: OHCI PCI platform driver
[    8.627444] ohci-platform: OHCI generic platform driver
[    8.640953] uhci_hcd: USB Universal Host Controller Interface driver
[    8.654714] i8042: PNP: PS/2 Controller [PNP0303:PS2K,PNP0f03:PS2M] at 0x60,0x64 irq 1,12
[    8.663174] serio: i8042 KBD port at 0x60,0x64 irq 1
[    8.669418] serio: i8042 AUX port at 0x60,0x64 irq 12
[    8.689206] mousedev: PS/2 mouse device common for all mice
[    8.719221] rtc_cmos rtc_cmos: rtc core: registered rtc_cmos as rtc0
[    8.728621] rtc_cmos rtc_cmos: alarms up to one day, 114 bytes nvram
[    8.733006] input: AT Translated Set 2 keyboard as /devices/platform/i8042/serio0/input/input2
[    8.739972] i2c /dev entries driver
[    8.742873] device-mapper: uevent: version 1.0.3
[    8.751086] device-mapper: ioctl: 4.34.0-ioctl (2015-10-28) initialised: dm-devel@redhat.com
[    8.756855] platform eisa.0: Probing EISA bus 0
[    8.760545] platform eisa.0: EISA: Cannot allocate resource for mainboard
[    8.764927] platform eisa.0: Cannot allocate resource for EISA slot 1
[    8.769167] platform eisa.0: Cannot allocate resource for EISA slot 2
[    8.773349] platform eisa.0: Cannot allocate resource for EISA slot 3
[    8.781681] platform eisa.0: Cannot allocate resource for EISA slot 4
[    8.787413] platform eisa.0: Cannot allocate resource for EISA slot 5
[    8.792031] platform eisa.0: Cannot allocate resource for EISA slot 6
[    8.796317] platform eisa.0: Cannot allocate resource for EISA slot 7
[    8.800545] platform eisa.0: Cannot allocate resource for EISA slot 8
[    8.805159] platform eisa.0: EISA: Detected 0 cards
[    8.812002] cpufreq-nforce2: No nForce2 chipset.
[    8.819349] ledtrig-cpu: registered to indicate activity on CPUs
[    8.829219] NET: Registered protocol family 10
[    8.832913] NET: Registered protocol family 17
[    8.839968] Key type dns_resolver registered
[    8.850209] microcode: CPU0 sig=0x1067a, pf=0x40, revision=0x60b
[    8.854245] microcode: Microcode Update Driver: v2.01 <tigran@aivazian.fsnet.co.uk>, Peter Oruba
[    8.860722] Using IPI No-Shortcut mode
[    8.864828] registered taskstats version 1
[    8.868125] Loading compiled-in X.509 certificates
[    8.877264] Loaded X.509 cert 'Build time autogenerated kernel key: ff54afc682e3d37ddd1801097f0724ac37994f02'
[    8.883990] zswap: loaded using pool lzo/zbud
[    8.937196] Key type trusted registered
[    8.967253] Key type encrypted registered
[    8.970205] AppArmor: AppArmor sha1 policy hashing enabled
[    8.983320] ima: No TPM chip found, activating TPM-bypass!
[    8.987311] evm: HMAC attrs: 0x1
[    8.990138]   Magic number: 10:165:409
[    8.992958] rtc_cmos rtc_cmos: setting system clock to 2018-03-08 02:25:28 UTC (1520475928)
[    9.018922] BIOS EDD facility v0.16 2004-Jun-25, 0 devices found
[    9.087381] EDD information not available.
[    9.134496] Freeing unused kernel memory: 948K
[    9.206901] Write protecting the kernel text: 8012k
[    9.269037] Write protecting the kernel read-only data: 3176k
[    9.276134] NX-protecting the kernel data: 6324k
Loading, please wait...
starting version[    9.525049] random: systemd-udevd: uninitialized urandom read (16 bytes read, 4 bits of entropy available)
 229
[    9.666020] random: udevadm: uninitialized urandom read (16 bytes read, 4 bits of entropy available)
[    9.798200] random: systemd-udevd: uninitialized urandom read (16 bytes read, 4 bits of entropy available)
[   10.005088] random: udevadm: uninitialized urandom read (16 bytes read, 4 bits of entropy available)
[   10.023685] random: udevadm: uninitialized urandom read (16 bytes read, 4 bits of entropy available)
[   10.039244] random: udevadm: uninitialized urandom read (16 bytes read, 4 bits of entropy available)
[   10.048713] random: systemd-udevd: uninitialized urandom read (16 bytes read, 4 bits of entropy available)
[   10.071172] random: udevadm: uninitialized urandom read (16 bytes read, 4 bits of entropy available)
[   10.082998] random: udevadm: uninitialized urandom read (16 bytes read, 4 bits of entropy available)
[   10.096241] random: udevadm: uninitialized urandom read (16 bytes read, 4 bits of entropy available)
[   10.570525] Fusion MPT base driver 3.04.20
[   10.616117] Copyright (c) 1999-2008 LSI Corporation
[   10.701871] e1000: Intel(R) PRO/1000 Network Driver - version 7.3.21-k8-NAPI
[   10.736275] e1000: Copyright (c) 1999-2006 Intel Corporation.
[   10.902857] input: ImExPS/2 Generic Explorer Mouse as /devices/platform/i8042/serio1/input/input4
[   11.211825] Fusion MPT SPI Host driver 3.04.20
[   11.696611] e1000 0000:00:03.0 eth0: (PCI:33MHz:32-bit) 02:57:70:43:80:c6
[   11.701646] e1000 0000:00:03.0 eth0: Intel(R) PRO/1000 Network Connection
[   11.707185] mptbase: ioc0: Initiating bringup
[   11.771313] ioc0: LSI53C1030 A0: Capabilities={Initiator}
[   11.937406] scsi host2: ioc0: LSI53C1030 A0, FwRev=00000000h, Ports=1, MaxQ=256, IRQ=20
[   12.181545] scsi 2:0:0:0: Direct-Access     VBOX     HARDDISK         1.0  PQ: 0 ANSI: 5
[   12.256194] scsi target2:0:0: Beginning Domain Validation
[   12.373036] scsi target2:0:0: Domain Validation skipping write tests
[   12.495610] scsi target2:0:0: Ending Domain Validation
[   12.636138] scsi target2:0:0: asynchronous
[   12.731831] scsi 2:0:1:0: Direct-Access     VBOX     HARDDISK         1.0  PQ: 0 ANSI: 5
[   12.870171] scsi target2:0:1: Beginning Domain Validation
[   13.004195] scsi target2:0:1: Domain Validation skipping write tests
[   13.038272] scsi target2:0:1: Ending Domain Validation
[   13.066140] scsi target2:0:1: asynchronous
[   13.099231] e1000 0000:00:08.0 eth1: (PCI:33MHz:32-bit) 08:00:27:84:7c:53
[   13.165261] e1000 0000:00:08.0 eth1: Intel(R) PRO/1000 Network Connection
[   13.193243] e1000 0000:00:08.0 enp0s8: renamed from eth1
[   13.203655] e1000 0000:00:03.0 enp0s3: renamed from eth0
[   13.278287] sd 2:0:0:0: Attached scsi generic sg0 type 0
[   13.325756] sd 2:0:0:0: [sda] 20971520 512-byte logical blocks: (10.7 GB/10.0 GiB)
[   13.352147] sd 2:0:1:0: Attached scsi generic sg1 type 0
[   13.392842] sd 2:0:0:0: [sda] Write Protect is off
[   13.396635] sd 2:0:1:0: [sdb] 20480 512-byte logical blocks: (10.5 MB/10.0 MiB)
[   13.402032] sd 2:0:0:0: [sda] Incomplete mode parameter data
[   13.405792] sd 2:0:0:0: [sda] Assuming drive cache: write through
[   13.414209] sd 2:0:1:0: [sdb] Write Protect is off
[   13.418914] sd 2:0:1:0: [sdb] Incomplete mode parameter data
[   13.422756] sd 2:0:1:0: [sdb] Assuming drive cache: write through
[   13.439864]  sda: sda1
[   13.468167] sd 2:0:1:0: [sdb] Attached SCSI disk
[   13.520359] sd 2:0:0:0: [sda] Attached SCSI disk
[   13.872974] floppy0: no floppy controllers found
Begin: Loading essential drivers ... [   16.336403] md: linear personality registered for level -1
[   16.484206] md: multipath personality registered for level -4
[   16.627622] md: raid0 personality registered for level 0
[   16.755400] md: raid1 personality registered for level 1
[   16.931145] raid6: mmxx1    gen()  3084 MB/s
[   17.019215] raid6: mmxx2    gen()  2670 MB/s
[   17.087078] raid6: sse1x1   gen()  1862 MB/s
[   17.154905] raid6: sse1x2   gen()  2250 MB/s
[   17.226973] raid6: sse2x1   gen()  3027 MB/s
[   17.295118] raid6: sse2x1   xor()  3728 MB/s
[   17.402952] raid6: sse2x2   gen()  3982 MB/s
[   17.522965] raid6: sse2x2   xor()  4870 MB/s
[   17.601753] raid6: using algorithm sse2x2 gen() 3982 MB/s
[   17.707841] raid6: .... xor() 4870 MB/s, rmw enabled
[   17.766062] raid6: using ssse3x1 recovery algorithm
[   17.859188] xor: measuring software checksum speed
[   17.954860]    pIII_sse  :  8662.000 MB/sec
[   18.071218]    prefetch64-sse:  9826.000 MB/sec
[   18.103073] xor: using function: prefetch64-sse (9826.000 MB/sec)
[   18.243570] async_tx: api initialized (async)
[   18.442902] md: raid6 personality registered for level 6
[   18.450795] md: raid5 personality registered for level 5
[   18.457687] md: raid4 personality registered for level 4
[   18.641083] md: raid10 personality registered for level 10
done.
Begin: Running /scripts/init-premount ... done.
Begin: Mounting root file system ... Begin: Running /scripts/local-top ... done.
Begin: Running /scripts/local-premount ... [   19.019885] Btrfs loaded
Scanning for Btrfs filesystems
done.
Warning: fsck not present, so skipping root file[   19.526120] EXT4-fs (sda1): INFO: recovery required on readonly filesystem
 system
[   19.634502] EXT4-fs (sda1): write access will be enabled during recovery
[   19.885769] EXT4-fs (sda1): orphan cleanup on readonly fs
[   19.952140] EXT4-fs (sda1): 6 orphan inodes deleted
[   19.992027] EXT4-fs (sda1): recovery complete
[   19.996476] EXT4-fs (sda1): mounted filesystem with ordered data mode. Opts: (null)
done.
Begin: Running /scripts/local-bottom ... done.
Begin: Running /scripts/init-bottom ... [   20.208519] random: nonblocking pool is initialized
done.
[   21.378133] systemd[1]: systemd 229 running in system mode. (+PAM +AUDIT +SELINUX +IMA +APPARMOR +SMACK +SYSVINIT +UTMP +LIBCRYPTSETUP +GCRYPT +GNUTLS +ACL +XZ -LZ4 +SECCOMP +BLKID +ELFUTILS +KMOD -IDN)
[   21.629455] systemd[1]: Detected virtualization oracle.
[   21.709163] systemd[1]: Detected architecture x86.

Welcome to [1mUbuntu 16.04.3 LTS[0m!

[   21.947275] systemd[1]: Set hostname to <ubuntu-xenial>.
[   23.486934] systemd[1]: Listening on Device-mapper event daemon FIFOs.
[[0;32m  OK  [0m] Listening on Device-mapper event daemon FIFOs.
[   23.647787] systemd[1]: Listening on LVM2 poll daemon socket.
[[0;32m  OK  [0m] Listening on LVM2 poll daemon socket.
[   23.780093] systemd[1]: Created slice System Slice.
[[0;32m  OK  [0m] Created slice System Slice.
[   23.907803] systemd[1]: Created slice system-serial\x2dgetty.slice.
[[0;32m  OK  [0m] Created slice system-serial\x2dgetty.slice.
[   24.051777] systemd[1]: Listening on Journal Socket (/dev/log).
[[0;32m  OK  [0m] Listening on Journal Socket (/dev/log).
[   24.207679] systemd[1]: Listening on /dev/initctl Compatibility Named Pipe.
[[0;32m  OK  [0m] Listening on /dev/initctl Compatibility Named Pipe.
[   24.351471] systemd[1]: Listening on LVM2 metadata daemon socket.
[[0;32m  OK  [0m] Listening on LVM2 metadata daemon socket.
[   24.483462] systemd[1]: Reached target User and Group Name Lookups.
[[0;32m  OK  [0m] Reached target User and Group Name Lookups.
[   24.562500] systemd[1]: Listening on udev Kernel Socket.
[[0;32m  OK  [0m] Listening on udev Kernel Socket.
[   24.571125] systemd[1]: Reached target Encrypted Volumes.
[[0;32m  OK  [0m] Reached target Encrypted Volumes.
[   24.579107] systemd[1]: Started Forward Password Requests to Wall Directory Watch.
[[0;32m  OK  [0m] Started Forward Password Requests to Wall Directory Watch.
[   24.596389] systemd[1]: Created slice User and Session Slice.
[[0;32m  OK  [0m] Created slice User and Session Slice.
[   24.604372] systemd[1]: Listening on Journal Socket.
[[0;32m  OK  [0m] Listening on Journal Socket.
[   24.635254] systemd[1]: Starting Monitoring of LVM2 mirrors, snapshots etc. using dmeventd or progress polling...
         Starting Monitoring of LVM2 mirrors... dmeventd or progress polling...
[   24.699983] systemd[1]: Mounting Huge Pages File System...
         Mounting Huge Pages File System...
[   24.816915] systemd[1]: Starting Load Kernel Modules...
         Starting Load Kernel Modules...
[   24.861954] systemd[1]: Mounting Debug File System...
         Mounting Debug File System...
[   24.965417] systemd[1]: Starting Uncomplicated firewall...
         Starting Uncomplicated firewall...
[   25.138972] systemd[1]: Starting Remount Root and Kernel File Systems...
         Starting Remount Root and Kernel File Systems...
[   25.331517] systemd[1]: Starting Set console keymap...
[   25.425772] EXT4-fs (sda1): re-mounted. Opts: (null)
         Starting Set console keymap...
[   25.577340] Loading iSCSI transport class v2.0-870.
[   25.642247] systemd[1]: Listening on Syslog Socket.
[[0;32m  OK  [0m] Listening on Syslog Socket.
[   25.756284] systemd[1]: Started Trigger resolvconf update for networkd DNS.
[[0;32m  OK  [0m] Started Trigger resolvconf update for network[   25.895591] iscsi: registered transport (tcp)
d DNS.
[   25.906537] systemd[1]: Listening on Journal Audit Socket.
[[0;32m  OK  [0m] Listening on Journal Audit Socket.
[   25.975459] systemd[1]: Starting Journal Service...
         Starting Journal Service...
[   26.098123] systemd[1]: Starting Nameserver information manager...
         Starting Nameserver information manager...
[   26.148308] systemd[1]: Listening on udev Control Socket.
[[0;32m  OK  [0m] Listening on udev Control Socket.
[   26.319441] systemd[1]: Mounting POSIX Message Queue File System...
         Mounting POSIX Message Queue File System...
[   26.496070] systemd[1]: Reached target Slices.
[[0;32m  OK  [0m] Reached targe[   26.614461] iscsi: registered transport (iser)
t Slices.
[   26.704085] systemd[1]: Set up automount Arbitrary Executable File Formats File System Automount Point.
[[0;32m  OK  [0m] Set up automount Arbitrary Executab...ats File System Automount Point.
[   26.962456] systemd[1]: Starting Create list of required static device nodes for the current kernel...
         Starting Create list of required st... nodes for the current kernel...
[   27.167439] systemd[1]: Reached target Swap.
[[0;32m  OK  [0m] Reached target Swap.
[   27.256937] systemd[1]: Mounted Debug File System.
[[0;32m  OK  [0m] Mounted Debug File System.
[   27.289607] systemd[1]: Mounted POSIX Message Queue File System.
[[0;32m  OK  [0m] Mounted POSIX Message Queue File System.
[   27.303219] systemd[1]: Mounted Huge Pages File System.
[[0;32m  OK  [0m] Mounted Huge Pages File System.
[   27.325972] systemd[1]: Started Journal Service.
[[0;32m  OK  [0m] Started Journal Service.
[[0;32m  OK  [0m] Started Load Kernel Modules.
[[0;32m  OK  [0m] Started Uncomplicated firewall.
[[0;32m  OK  [0m] Started Remount Root and Kernel File Systems.
[[0;32m  OK  [0m] Started Set console keymap.
[[0;32m  OK  [0m] Started Create list of required sta...ce nodes for the current kernel.
[[0;32m  OK  [0m] Started Nameserver information manager.
[[0;32m  OK  [0m] Started LVM2 metadata daemon.
         Starting Create Static Device Nodes in /dev...
         Starting Load/Save Random Seed...
         Starting udev Coldplug all Devices...
         Starting Initial cloud-init job (pre-networking)...
         Mounting FUSE Control File System...
         Starting Apply Kernel Variables...
         Starting Flush Journal to Persistent Storage...
[[0;32m  OK  [0m] Mounted FUSE Control File System.
[[0;32m  OK  [0m] Started Monitoring of LVM2 mirrors,...ng dmeventd or progress polling.
[[0;32m  OK  [0m] Started Create Static Device Nodes in /dev.
[[0;32m  OK  [0m] Started Load/Save Random Seed.
[[0;32m  OK  [0m] Started Apply Kernel Variables.
         Starting udev Kernel Device Manager...
[[0;32m  OK  [0m] Started Flush Journal to Persistent Storage.
[[0;32m  OK  [0m] Started udev Coldplug all Devices.
[[0;32m  OK  [0m] Started udev Kernel Device Manager.
[[0;32m  OK  [0m] Started Dispatch Password Requests to Console Directory Watch.
[[0;32m  OK  [0m] Reached target Local File Systems (Pre).
[[0;32m  OK  [0m] Reached target Local File Systems.
         Starting Tell Plymouth To Write Out Runtime Data...
         Starting Create Volatile Files and Directories...
         Starting LSB: AppArmor initialization...
         Starting Set console font and keymap...
[[0;32m  OK  [0m] Started Tell Plymouth To Write Out Runtime Data.
[[0;32m  OK  [0m] Started Create Volatile Files and Directories.
[[0;32m  OK  [0m] Reached target System Time Synchronized.
         Starting Update UTMP about System Boot/Shutdown...
[[0;32m  OK  [0m] Started Update UTMP about System Boot/Shutdown.
[[0;32m  OK  [0m] Found device /dev/ttyS0.
[[0;32m  OK  [0m] Started Set console font and keymap.
[[0;32m  OK  [0m] Created slice system-getty.slice.
[[0;32m  OK  [0m] Started LSB: AppArmor initialization.
[[0;32m  OK  [0m] Listening on Load/Save RF Kill Switch Status /dev/rfkill Watch.
[[0;32m  OK  [0m] Found device 82540EM Gigabit Ethern...r (PRO/1000 MT Desktop Adapter).
[[0;32m  OK  [0m] Found device 82540EM Gigabit Ethern...r (PRO/1000 MT Desktop Adapter).
[   34.800764] cloud-init[436]: Cloud-init v. 17.1 running 'init-local' at Thu, 08 Mar 2018 02:25:56 +0000. Up 32.06 seconds.
[[0;32m  OK  [0m] Started Initial cloud-init job (pre-networking).
[[0;32m  OK  [0m] Reached target Network (Pre).
         Starting Raise network interfaces...
[[0;32m  OK  [0m] Started ifup for enp0s3.
[[0;32m  OK  [0m] Started ifup for enp0s8.
[[0;32m  OK  [0m] Started Raise network interfaces.
[[0;32m  OK  [0m] Reached target Network.
         Starting Initial cloud-init job (metadata service crawler)...
[   41.260993] cloud-init[1061]: Cloud-init v. 17.1 running 'init' at Thu, 08 Mar 2018 02:26:03 +0000. Up 38.86 seconds.
[   41.314494] cloud-init[1061]: ci-info: ++++++++++++++++++++++++++++++++++++++Net device info++++++++++++++++++++++++++++++++++++++
[   41.340610] cloud-init[1061]: ci-info: +--------+------+-----------------------------+---------------+-------+-------------------+
[   41.455398] cloud-init[1061]: ci-info: | Device |  Up  |           Address           |      Mask     | Scope |     Hw-Address    |
[   41.469526] cloud-init[1061]: ci-info: +--------+------+-----------------------------+---------------+-------+-------------------+
[   41.485176] cloud-init[1061]: ci-info: | enp0s3 | True |          10.0.2.15          | 255.255.255.0 |   .   | 02:57:70:43:80:c6 |[
[   41.501556] cloud-init[1061]: ci-info: | enp0s3 | True |  fe80::57:70ff:fe43:80c6/64 |       .       |  link | 02:57:70:43:80:c6 |
[   41.502118] cloud-init[1061]: ci-info: | enp0s8 | True |        10.11.215.225        | 255.255.255.0 |   .   | 08:00:27:84:7c:53 |
[   41.502654] cloud-init[1061]: ci-info: | enp0s8 | True | fe80::a00:27ff:fe84:7c53/64 |       .       |  link | 08:00:27:84:7c:53 |
[   41.503003] cloud-init[1061]: ci-info: |   lo   | True |          127.0.0.1          |   255.0.0.0   |   .   |         .         |
[   41.503327] cloud-init[1061]: ci-info: |   lo   | True |           ::1/128           |       .       |  host |         .         |
[   41.503755] cloud-init[1061]: ci-info: +--------+------+-----------------------------+---------------+-------+-------------------+
[   41.503970] cloud-init[1061]: ci-info: +++++++++++++++++++++++++++Route IPv4 info++++++++++++++++++++++++++++
[   41.504131] cloud-init[1061]: ci-info: +-------+-------------+----------+---------------+-----------+-------+
[0;32m  OK  [0m] Started Initial cloud-init job (metadata service crawler).
[[0;32m  OK  [0m[   41.508902] cloud-init[1061]: ci-info: | Route | Destination | Gateway  |    Genmask    | Interface | Flags |
[   41.620442] cloud-init[1061]: ci-info: +-------+-------------+----------+---------------+-----------+-------+
[   41.620516] cloud-init[1061]: ci-info: |   0   |   0.0.0.0   | 10.0.2.2 |    0.0.0.0    |   enp0s3  |   UG  |
[   41.620589] cloud-init[1061]: ci-info: |   1   |   10.0.2.0  | 0.0.0.0  | 255.255.255.0 |   enp0s3  |   U   |
[   41.620660] cloud-init[1061]: ci-info: |   2   | 10.11.215.0 | 0.0.0.0  | 255.255.255.0 |   enp0s8  |   U   |
[   41.620746] cloud-init[1061]: ci-info: +-------+-------------+----------+---------------+-----------+-------+
] Reached target System Initialization.
[[0;32m  OK  [0m] Started ACPI Events Check.
[[0;32m  OK  [0m] Reached target Paths.
[[0;32m  OK  [0m] Listening on UUID daemon activation socket.
[[0;32m  OK  [0m] Listening on ACPID Listen Socket.
         Starting Socket activation for snappy daemon.
[[0;32m  OK  [0m] Started Daily Cleanup of Temporary Directories.
[[0;32m  OK  [0m] Started Timer to automatically refresh installed snaps.
[[0;32m  OK  [0m] Listening on D-Bus System Message Bus Socket.
         Starting LXD - unix socket.
[[0;32m  OK  [0m] Reached target Network is Online.
         Starting iSCSI initiator daemon (iscsid)...
[[0;32m  OK  [0m] Started Daily apt download activities.
[[0;32m  OK  [0m] Started Daily apt upgrade and clean activities.
[[0;32m  OK  [0m] Reached target Timers.
[[0;32m  OK  [0m] Reached target Cloud-config availability.
[[0;32m  OK  [0m] Listening on Socket activation for snappy daemon.
[[0;32m  OK  [0m] Listening on LXD - unix socket.
[[0;32m  OK  [0m] Started iSCSI initiator daemon (iscsid).
         Starting Login to default iSCSI targets...
[[0;32m  OK  [0m] Reached target Sockets.
[[0;32m  OK  [0m] Reached target Basic System.
         Starting LSB: Record successful boot for GRUB...
         Starting The PHP 7.0 FastCGI Process Manager...
[[0;32m  OK  [0m] Started FUSE filesystem for LXC.
         Starting Accounts Service...
[[0;32m  OK  [0m] Started Deferred execution scheduler.
         Starting Snappy daemon...
         Starting OpenBSD Secure Shell server...
         Starting LXD - container startup/shutdown...
[[0;32m  OK  [0m] Started ACPI event daemon.
         Starting MySQL Community Server...
[[0;32m  OK  [0m] Started Unattended Upgrades Shutdown.
[[0;32m  OK  [0m] Started Regular background program processing daemon.
         Starting Apply the settings specified in cloud-config...
         Starting LSB: MD monitoring daemon...
         Starting /etc/rc.local Compatibility...
         Starting Login Service...
         Starting A high performance web server and a reverse proxy server...
         Starting System Logging Service...
[[0;32m  OK  [0m] Started D-Bus System Message Bus.
[[0;32m  OK  [0m] Started System Logging Service.
[[0;32m  OK  [0m] Started /etc/rc.local Compatibility.
[[0;32m  OK  [0m] Started OpenBSD Secure Shell server.
[[0;32m  OK  [0m] Started Login to default iSCSI targets.
[[0;32m  OK  [0m] Started LSB: Record successful boot for GRUB.
[[0;32m  OK  [0m] Started Login Service.
         Starting Authenticate and Authorize Users to Run Privileged Tasks...
[[0;32m  OK  [0m] Reached target Remote File Systems (Pre).
[[0;32m  OK  [0m] Reached target Remote File Systems.
         Starting LSB: automatic crash report generation...
         Starting LSB: Set the CPU Frequency Scaling governor to "ondemand"...
         Starting LSB: VirtualBox Linux Additions...
         Starting Permit User Sessions...
         Starting LSB: daemon to balance interrupts for SMP systems...
[[0;32m  OK  [0m] Started LSB: MD monitoring daemon.
[[0;32m  OK  [0m] Started Permit User Sessions.
         Starting Terminate Plymouth Boot Screen...
[   48.424032] cloud-init[1176]: Cloud-init v. 17.1 running 'modules:config' at Thu, 08 Mar 2018 02:26:10 +0000. Up 45.95 seconds.
         Starting Hold until boot process finishes up...
[[0;32m  OK  [0m] Started Terminate Plymouth Boot Screen.
[[0;32m  OK  [0m] Started Apply the settings specified in cloud-config.
[[0;32m  OK  [0m] Started Hold until boot process finishes up.
[[0;32m  OK  [0m] Started Authenticate and Authorize Users to Run Privileged Tasks.
[[0;32m  OK  [0m] Started Accounts Service.
[[0;32m  OK  [0m] Started Getty on tty1.
         Starting Set console scheme...
[[0;32m  OK  [0m] Started Serial Getty on ttyS0.
[[0;32m  OK  [0m] Reached target Login Prompts.
[[0;32m  OK  [0m] Started LSB: Set the CPU Frequency Scaling governor to "ondemand".
[[0;32m  OK  [0m] Started LSB: daemon to balance interrupts for SMP systems.
[[0;32m  OK  [0m] Started Set console scheme.
[[0;32m  OK  [0m] Started LSB: automatic crash report generation.
[[0;32m  OK  [0m] Started Snappy daemon.
[[0;32m  OK  [0m] Started LXD - container startup/shutdown.
[[0;32m  OK  [0m] Started A high performance web server and a reverse proxy server.
[[0;32m  OK  [0m] Created slice User Slice of ubuntu.
[[0;32m  OK  [0m] Started LSB: VirtualBox Linux Additions.
         Starting User Manager for UID 1000...
[[0;32m  OK  [0m] Started Session 1 of user ubuntu.
[[0;32m  OK  [0m] Started User Manager for UID 1000.

Ubuntu 16.04.3 LTS ubuntu-xenial ttyS0

ubuntu-xenial login: [   68.288141] cloud-init[1600]: Cloud-init v. 17.1 running 'modules:final' at Thu, 08 Mar 2018 02:26:31 +0000. Up 67.39 seconds.
[   68.296640] cloud-init[1600]: Cloud-init v. 17.1 finished at Thu, 08 Mar 2018 02:26:32 +0000. Datasource DataSourceNoCloud [seed=/dev/sdb][dsmode=net].  Up 68.27 seconds
[[0;32m  OK  [0m] Stopped target Cloud-init target.
         Stopping ACPI event daemon...
[[0;32m  OK  [0m] Stopped target Graphical Interface.
         Stopping Session 3 of user ubuntu.
         Stopping Accounts Service...
[[0;32m  OK  [0m] Closed Load/Save RF Kill Switch Status /dev/rfkill Watch.
         Stopping User Manager for UID 1000...
         Stopping Authenticate and Authorize Users to Run Privileged Tasks...
[[0;32m  OK  [0m] Stopped target Timers.
[[0;32m  OK  [0m] Stopped Daily apt upgrade and clean t         Stopping LSB: automatic crash report generation...
         Stopping FUSE filesystem for LXC...
[[0;32m  OK  [0m] Stopped Session 2 of user ubuntu.
         Stopping The PHP 7.0 FastCGI Process Manager...
         Stopping Snappy daemon...
[[0;32m  OK  [0m] Unmounted /var/lib/lxcfs.
[[0;32m  OK  [0m] Stopped Accounts Service.
[[0;32m  OK  [0m] Stopped Deferred execution scheduler.
[[0;32m  OK  [0m] Stopped Snappy daemon.
[[0;32m  OK  [0m] Stopped OpenBSD Secure Shell server.
[[0;32m  OK  [0m] Stopped ACPI event daemon.
[[0;32m  OK  [0m] Stopped Regular background program processing daemon.
[[0;32m  OK  [0m] Stopped System Logging Service.
[[0;32m  OK  [0m] Stopped Authenticate and Authorize Users to Run Privileged Tasks.
[[0;32m  OK  [0m] Stopped Getty on tty1.
[[0;32m  OK  [0m] Stopped Serial Getty on ttyS0.
[[0;32m  OK  [0m] Stopped User Manager for UID 1000.
[[0;32m  OK  [0m] Stopped The PHP 7.0 FastCGI Process Manager.
[[0;32m  OK  [0m] Stopped D-Bus System Message Bus.
[[0;32m  OK  [0m] Stopped Unattended Upgrades Shutdown.
[[0;32m  OK  [0m] Stopped Session 3 of user ubuntu.
[[0;32m  OK  [0m] Stopped A high performance web server and a reverse proxy server.
[[0;32m  OK  [0m] Stopped FUSE filesystem for LXC.
[[0;32m  OK  [0m] Stopped LXD - container startup/shutdown.
[[0;32m  OK  [0m] Removed slice User Slice of ubuntu.
         Stopping Login Service...
[[0;32m  OK  [0m] Removed slice system-serial\x2dgetty.slice.
[[0;32m  OK  [0m] Removed slice system-getty.slice.
         Stopping Permit User Sessions...
[[0;32m  OK  [0m] Stopped /etc/rc.local Compatibility.
[[0;32m  OK  [0m] Stopped Login Service.
[[0;32m  OK  [0m] Stopped LSB: Set the CPU Frequency Scaling governor to "ondemand".
[[0;32m  OK  [0m] Stopped LSB: daemon to balance interrupts for SMP systems.
[[0;32m  OK  [0m] Stopped LSB: Record successful boot for GRUB.
[[0;32m  OK  [0m] Stopped LSB: MD monitoring daemon.
[[0;32m  OK  [0m] Stopped LSB: VirtualBox Linux Additions.
[[0;32m  OK  [0m] Stopped LSB: automatic crash report generation.
[[0;32m  OK  [0m] Stopped Permit User Sessions.
[[0;32m  OK  [0m] Stopped target Remote File Systems.
[[0;32m  OK  [0m] Stopped target Remote File Systems (Pre).
         Stopping Login to default iSCSI targets...
[[0;32m  OK  [0m] Stopped target User and Group Name Lookups.
[[0;32m  OK  [0m] Stopped MySQL Community Server.
[[0;32m  OK  [0m] Stopped target Basic System.
[[0;32m  OK  [0m] Stopped target Slices.
[[0;32m  OK  [0m] Removed slice User and Session Slice.
[[0;32m  OK  [0m] Stopped target Sockets.
[[0;32m  OK  [0m] Closed Syslog Socket.
[[0;32m  OK  [0m] Closed ACPID Listen Socket.
[[0;32m  OK  [0m] Closed LXD - unix socket.
[[0;32m  OK  [0m] Closed D-Bus System Message Bus Socket.
[[0;32m  OK  [0m] Closed UUID daemon activation socket.
[[0;32m  OK  [0m] Closed Socket activation for snappy daemon.
[[0;32m  OK  [0m] Stopped target Paths.
[[0;32m  OK  [0m] Stopped Forward Password Requests to Wall Directory Watch.
[[0;32m  OK  [0m] Stopped ACPI Events Check.
[[0;32m  OK  [0m] Stopped Dispatch Password Requests to Console Directory Watch.
[[0;32m  OK  [0m] Stopped target System Initialization.
[[0;32m  OK  [0m] Stopped target Swap.
         Stopping Load/Save Random Seed...
[[0;32m  OK  [0m] Stopped target Encrypted Volumes.
         Stopping Update UTMP about System Boot/Shutdown...
[[0;32m  OK  [0m] Stopped Load/Save Random Seed.
[[0;32m  OK  [0m] Stopped Update UTMP about System Boot/Shutdown.
[[0;32m  OK  [0m] Stopped Create Volatile Files and Directories.
[[0;32m  OK  [0m] Stopped Login to default iSCSI targets.
         Stopping iSCSI initiator daemon (iscsid)...
[[0;32m  OK  [0m] Stopped iSCSI initiator daemon (iscsid).
[[0;32m  OK  [0m] Stopped target Network is Online.
[[0;32m  OK  [0m] Stopped target Network.
[[0;32m  OK  [0m] Stopped Initial cloud-init job (metadata service crawler).
         Stopping Raise network interfaces...
[[0;32m  OK  [0m] Stopped Raise network interfaces.
[[0;32m  OK  [0m] Stopped Apply Kernel Variables.
[[0;32m  OK  [0m] Stopped Load Kernel Modules.
[[0;32m  OK  [0m] Stopped target Network (Pre).
[[0;32m  OK  [0m] Stopped Initial cloud-init job (pre-networking).
[[0;32m  OK  [0m] Stopped target Local File Systems.
         Unmounting /run/user/1000...
         Unmounting /vagrant...
[[0;32m  OK  [0m] Unmounted /run/user/1000.
[[0;32m  OK  [0m] Unmounted /vagrant.
[[0;32m  OK  [0m] Reached target Unmount All Filesystems.
[[0;32m  OK  [0m] Stopped target Local File Systems (Pre).
[[0;32m  OK  [0m] Stopped Create Static Device Nodes in /dev.
[[0;32m  OK  [0m] Stopped Remount Root and Kernel File Systems.
[[0;32m  OK  [0m] Reached target Shutdown.
[  461.001643] reboot: Power down
